// Jest Snapshot v1, https://goo.gl/fbAQLP

exports[`print default snek 1`] = `
"csegment [ '‚†Å', '‚†É', '‚†á', '‚†ß' ]
move right
segment [ '‚†Ñ', '‚†§', '‚†¥', '‚†º' ]
move right
segment [ '‚†Å', '‚†â' ]
move right
[0m"
`;

exports[`print help 1`] = `
"snek version 0.2.0
usage: snek
       snek tiny
       snek tall

       You can also add modifiers to your sneks to make them do things
       --fast  Doubles the sneks speed
[0m[?1000l[?1002l[?1003l[?1004l"
`;

exports[`print tall snek 1`] = `
"csegment [ '‚†Å', '‚†É', '‚†á', '‚°á' ]
move down
segment [ '‚†Å', '‚†É', '‚†á', '‚°á', '‚£á' ]
move right
segment [ '‚¢Ä', '‚£Ä' ]
move right
segment [ '‚°Ä', '‚¢†', '‚¢∞', '‚¢∏' ]
move up
segment [ '‚°Ä', '‚¢†', '‚¢∞', '‚¢∏', '‚°è' ]
move right
segment [ '‚†Å', '‚†â' ]
move right
[0m"
`;

exports[`print tiny snek 1`] = `
"csegment [ '‚†Å', '‚†É', '‚†á', '‚†ß' ]
move right
segment [ '‚†Ñ', '‚†§', '‚†¥', '‚†º' ]
move right
segment [ '‚†Å', '‚†â' ]
move right
[0m"
`;
